06-01 00:21:08.589  5521  5546 I TestRunner: started: subtotal_updates_in_full_order_flow(com.example.lunchtray.OrderFunctionalityTests)
06-01 00:21:08.592  5521  5546 W Settings: Setting always_finish_activities has moved from android.provider.Settings.System to android.provider.Settings.Global, returning read-only value.
06-01 00:21:08.599   720   977 D SplashScreenView: Build android.window.SplashScreenView{6c79660 V.E...... ......ID 0,0-0,0}
06-01 00:21:08.599   720   977 D SplashScreenView: Icon: view: null drawable: null size: 0
06-01 00:21:08.599   720   977 D SplashScreenView: Branding: view: android.view.View{10c7719 G.ED..... ......I. 0,0-0,0 #10204a6 android:id/splashscreen_branding_view} drawable: null size w: 0 h: 0
06-01 00:21:08.603  5521  5521 D LifecycleMonitor: Lifecycle status change: androidx.test.core.app.InstrumentationActivityInvoker$BootstrapActivity@9825164 in: PRE_ON_CREATE
06-01 00:21:08.603  5521  5521 V ActivityScenario: Activity lifecycle changed event received but ignored because the intent does not match. startActivityIntent=Intent { act=android.intent.action.MAIN cat=[android.intent.category.LAUNCHER] cmp=com.example.lunchtray/.MainActivity }, activity.getIntent()=Intent { act=android.intent.action.MAIN cat=[android.intent.category.LAUNCHER] flg=0x10008000 cmp=com.example.lunchtray/androidx.test.core.app.InstrumentationActivityInvoker$BootstrapActivity (has extras) }, activity=androidx.test.core.app.InstrumentationActivityInvoker$BootstrapActivity@9825164
06-01 00:21:08.603  5521  5521 V ActivityScenario: Activity lifecycle changed event received but ignored because the intent does not match. startActivityIntent=Intent { act=android.intent.action.MAIN cat=[android.intent.category.LAUNCHER] cmp=com.example.lunchtray/.MainActivity }, activity.getIntent()=Intent { act=android.intent.action.MAIN cat=[android.intent.category.LAUNCHER] flg=0x10008000 cmp=com.example.lunchtray/androidx.test.core.app.InstrumentationActivityInvoker$BootstrapActivity (has extras) }, activity=androidx.test.core.app.InstrumentationActivityInvoker$BootstrapActivity@9825164
06-01 00:21:08.610   337   395 D goldfish-address-space: claimShared: Ask to claim region [0x1e5820000 0x1e61c4000]
06-01 00:21:08.610  5521  5521 D LifecycleMonitor: Lifecycle status change: androidx.test.core.app.InstrumentationActivityInvoker$BootstrapActivity@9825164 in: CREATED
06-01 00:21:08.610  5521  5521 V ActivityScenario: Activity lifecycle changed event received but ignored because the intent does not match. startActivityIntent=Intent { act=android.intent.action.MAIN cat=[android.intent.category.LAUNCHER] cmp=com.example.lunchtray/.MainActivity }, activity.getIntent()=Intent { act=android.intent.action.MAIN cat=[android.intent.category.LAUNCHER] flg=0x10008000 cmp=com.example.lunchtray/androidx.test.core.app.InstrumentationActivityInvoker$BootstrapActivity (has extras) }, activity=androidx.test.core.app.InstrumentationActivityInvoker$BootstrapActivity@9825164
06-01 00:21:08.610  5521  5521 V ActivityScenario: Activity lifecycle changed event received but ignored because the intent does not match. startActivityIntent=Intent { act=android.intent.action.MAIN cat=[android.intent.category.LAUNCHER] cmp=com.example.lunchtray/.MainActivity }, activity.getIntent()=Intent { act=android.intent.action.MAIN cat=[android.intent.category.LAUNCHER] flg=0x10008000 cmp=com.example.lunchtray/androidx.test.core.app.InstrumentationActivityInvoker$BootstrapActivity (has extras) }, activity=androidx.test.core.app.InstrumentationActivityInvoker$BootstrapActivity@9825164
06-01 00:21:08.611  5521  5521 D LifecycleMonitor: Lifecycle status change: androidx.test.core.app.InstrumentationActivityInvoker$BootstrapActivity@9825164 in: STARTED
06-01 00:21:08.611  5521  5521 V ActivityScenario: Activity lifecycle changed event received but ignored because the intent does not match. startActivityIntent=Intent { act=android.intent.action.MAIN cat=[android.intent.category.LAUNCHER] cmp=com.example.lunchtray/.MainActivity }, activity.getIntent()=Intent { act=android.intent.action.MAIN cat=[android.intent.category.LAUNCHER] flg=0x10008000 cmp=com.example.lunchtray/androidx.test.core.app.InstrumentationActivityInvoker$BootstrapActivity (has extras) }, activity=androidx.test.core.app.InstrumentationActivityInvoker$BootstrapActivity@9825164
06-01 00:21:08.611  5521  5521 V ActivityScenario: Activity lifecycle changed event received but ignored because the intent does not match. startActivityIntent=Intent { act=android.intent.action.MAIN cat=[android.intent.category.LAUNCHER] cmp=com.example.lunchtray/.MainActivity }, activity.getIntent()=Intent { act=android.intent.action.MAIN cat=[android.intent.category.LAUNCHER] flg=0x10008000 cmp=com.example.lunchtray/androidx.test.core.app.InstrumentationActivityInvoker$BootstrapActivity (has extras) }, activity=androidx.test.core.app.InstrumentationActivityInvoker$BootstrapActivity@9825164
06-01 00:21:08.613   337   395 D goldfish-address-space: claimShared: Ask to claim region [0x1e61c4000 0x1e6b68000]
06-01 00:21:08.615   337   395 D goldfish-address-space: claimShared: Ask to claim region [0x1e6b68000 0x1e750c000]
06-01 00:21:08.621  5521  5521 D LifecycleMonitor: Lifecycle status change: androidx.test.core.app.InstrumentationActivityInvoker$BootstrapActivity@9825164 in: RESUMED
06-01 00:21:08.621  5521  5521 V ActivityScenario: Activity lifecycle changed event received but ignored because the intent does not match. startActivityIntent=Intent { act=android.intent.action.MAIN cat=[android.intent.category.LAUNCHER] cmp=com.example.lunchtray/.MainActivity }, activity.getIntent()=Intent { act=android.intent.action.MAIN cat=[android.intent.category.LAUNCHER] flg=0x10008000 cmp=com.example.lunchtray/androidx.test.core.app.InstrumentationActivityInvoker$BootstrapActivity (has extras) }, activity=androidx.test.core.app.InstrumentationActivityInvoker$BootstrapActivity@9825164
06-01 00:21:08.621  5521  5521 V ActivityScenario: Activity lifecycle changed event received but ignored because the intent does not match. startActivityIntent=Intent { act=android.intent.action.MAIN cat=[android.intent.category.LAUNCHER] cmp=com.example.lunchtray/.MainActivity }, activity.getIntent()=Intent { act=android.intent.action.MAIN cat=[android.intent.category.LAUNCHER] flg=0x10008000 cmp=com.example.lunchtray/androidx.test.core.app.InstrumentationActivityInvoker$BootstrapActivity (has extras) }, activity=androidx.test.core.app.InstrumentationActivityInvoker$BootstrapActivity@9825164
06-01 00:21:08.622   366   366 I BpBinder: onLastStrongRef automatically unlinking death recipients: <uncached descriptor>
06-01 00:21:08.624  5521  5521 D LifecycleMonitor: Lifecycle status change: androidx.test.core.app.InstrumentationActivityInvoker$BootstrapActivity@9825164 in: PAUSED
06-01 00:21:08.626  5521  5521 V ActivityScenario: Activity lifecycle changed event received but ignored because the intent does not match. startActivityIntent=Intent { act=android.intent.action.MAIN cat=[android.intent.category.LAUNCHER] cmp=com.example.lunchtray/.MainActivity }, activity.getIntent()=Intent { act=android.intent.action.MAIN cat=[android.intent.category.LAUNCHER] flg=0x10008000 cmp=com.example.lunchtray/androidx.test.core.app.InstrumentationActivityInvoker$BootstrapActivity (has extras) }, activity=androidx.test.core.app.InstrumentationActivityInvoker$BootstrapActivity@9825164
06-01 00:21:08.627  5521  5521 V ActivityScenario: Activity lifecycle changed event received but ignored because the intent does not match. startActivityIntent=Intent { act=android.intent.action.MAIN cat=[android.intent.category.LAUNCHER] cmp=com.example.lunchtray/.MainActivity }, activity.getIntent()=Intent { act=android.intent.action.MAIN cat=[android.intent.category.LAUNCHER] flg=0x10008000 cmp=com.example.lunchtray/androidx.test.core.app.InstrumentationActivityInvoker$BootstrapActivity (has extras) }, activity=androidx.test.core.app.InstrumentationActivityInvoker$BootstrapActivity@9825164
06-01 00:21:08.640  5521  5521 D LifecycleMonitor: Lifecycle status change: com.example.lunchtray.MainActivity@97942ce in: PRE_ON_CREATE
06-01 00:21:08.641  5521  5521 V ActivityScenario: Activity lifecycle changed event received but ignored because the reported transition was not ON_CREATE while the last known transition was DESTROYED
06-01 00:21:08.641  5521  5521 V ActivityScenario: Activity lifecycle changed event received but ignored because the reported transition was not ON_CREATE while the last known transition was PRE_ON_CREATE
06-01 00:21:08.654  5521  5521 D LifecycleMonitor: Lifecycle status change: com.example.lunchtray.MainActivity@97942ce in: CREATED
06-01 00:21:08.654  5521  5521 V ActivityScenario: Update currentActivityStage to CREATED, currentActivity=com.example.lunchtray.MainActivity@97942ce
06-01 00:21:08.654  5521  5521 V ActivityScenario: Update currentActivityStage to CREATED, currentActivity=com.example.lunchtray.MainActivity@97942ce
06-01 00:21:08.661  5521  5521 D LifecycleMonitor: Lifecycle status change: com.example.lunchtray.MainActivity@97942ce in: STARTED
06-01 00:21:08.661  5521  5521 V ActivityScenario: Update currentActivityStage to STARTED, currentActivity=com.example.lunchtray.MainActivity@97942ce
06-01 00:21:08.661  5521  5521 V ActivityScenario: Update currentActivityStage to STARTED, currentActivity=com.example.lunchtray.MainActivity@97942ce
06-01 00:21:08.662  5521  5521 D LifecycleMonitor: Lifecycle status change: com.example.lunchtray.MainActivity@97942ce in: RESUMED
06-01 00:21:08.662  5521  5521 V ActivityScenario: Update currentActivityStage to RESUMED, currentActivity=com.example.lunchtray.MainActivity@97942ce
06-01 00:21:08.662  5521  5521 V ActivityScenario: Update currentActivityStage to RESUMED, currentActivity=com.example.lunchtray.MainActivity@97942ce
06-01 00:21:08.667  5521  5521 D LifecycleMonitor: Lifecycle status change: androidx.test.core.app.InstrumentationActivityInvoker$BootstrapActivity@9825164 in: STOPPED
06-01 00:21:08.667  5521  5521 V ActivityScenario: Activity lifecycle changed event received but ignored because the intent does not match. startActivityIntent=Intent { act=android.intent.action.MAIN cat=[android.intent.category.LAUNCHER] cmp=com.example.lunchtray/.MainActivity }, activity.getIntent()=Intent { act=android.intent.action.MAIN cat=[android.intent.category.LAUNCHER] flg=0x10008000 cmp=com.example.lunchtray/androidx.test.core.app.InstrumentationActivityInvoker$BootstrapActivity (has extras) }, activity=androidx.test.core.app.InstrumentationActivityInvoker$BootstrapActivity@9825164
06-01 00:21:08.667  5521  5521 V ActivityScenario: Activity lifecycle changed event received but ignored because the intent does not match. startActivityIntent=Intent { act=android.intent.action.MAIN cat=[android.intent.category.LAUNCHER] cmp=com.example.lunchtray/.MainActivity }, activity.getIntent()=Intent { act=android.intent.action.MAIN cat=[android.intent.category.LAUNCHER] flg=0x10008000 cmp=com.example.lunchtray/androidx.test.core.app.InstrumentationActivityInvoker$BootstrapActivity (has extras) }, activity=androidx.test.core.app.InstrumentationActivityInvoker$BootstrapActivity@9825164
06-01 00:21:08.680   337   395 D goldfish-address-space: claimShared: Ask to claim region [0x1e750c000 0x1e7eb0000]
06-01 00:21:08.682   337   395 D goldfish-address-space: claimShared: Ask to claim region [0x1eb378000 0x1ebd1c000]
06-01 00:21:08.683   337   395 D goldfish-address-space: claimShared: Ask to claim region [0x1ea0ac000 0x1eaa50000]
06-01 00:21:08.702   532   553 I ActivityTaskManager: Displayed com.example.lunchtray/.MainActivity: +104ms
06-01 00:21:08.702  1495  1495 I GsaVoiceInteractionSrv: Handling ACTION_STOP_HOTWORD
06-01 00:21:08.704  1495  1495 E HwDetectorWithState: a: 3
06-01 00:21:08.704  5521  5521 D RootViewPicker: Root not ready - waiting: 10ms for one to appear.
06-01 00:21:08.714  1430  1430 I GoogleInputMethodService: GoogleInputMethodService.onFinishInput():3420
06-01 00:21:08.714  1430  1430 I GoogleInputMethodService: GoogleInputMethodService.onStartInput():2002
06-01 00:21:08.715  1430  1430 I DeviceUnlockedTag: DeviceUnlockedTag.notifyDeviceLockStatusChanged():31 Notify device unlocked.
06-01 00:21:08.743  5521  5521 I ViewInteraction: Performing 'single click' action on view view.getId() is <2131231208/com.example.lunchtray:id/start_order_btn>
06-01 00:21:08.941  1741  1741 I A       : onApplyWindowInsets: systemWindowInsets=Insets{left=0, top=145, right=0, bottom=132}
06-01 00:21:08.941  1741  1741 I A       : onApplyWindowInsets: Adjusting for display cutouts. Safe insets: left=0, top=136, right=0, bottom=0
06-01 00:21:08.941  1741  1741 I A       : onApplyWindowInsets: systemWindowInsets=Insets{left=0, top=145, right=0, bottom=132}
06-01 00:21:08.972   366   366 W SurfaceFlinger: couldn't log to binary event log: overflow.
06-01 00:21:08.972   366   366 W SurfaceFlinger: couldn't log to binary event log: overflow.
06-01 00:21:08.975   532  2725 W InputManager-JNI: Input channel object '5fe54e6 Splash Screen com.example.lunchtray (client)' was disposed without first being removed with the input manager!
06-01 00:21:09.039  5521  5521 I ViewInteraction: Performing 'single click' action on view view.getId() is <2131230844/com.example.lunchtray:id/cauliflower>
06-01 00:21:09.341  5521  5521 I ViewInteraction: Performing 'single click' action on view view.getId() is <2131231081/com.example.lunchtray:id/next_button>
06-01 00:21:09.670  5521  5521 I ViewInteraction: Performing 'single click' action on view view.getId() is <2131231138/com.example.lunchtray:id/salad>
06-01 00:21:09.726  5521  5548 D EGL_emulation: app_time_stats: avg=23.74ms min=4.57ms max=196.30ms count=41
06-01 00:21:09.973  5521  5521 I ViewInteraction: Checking 'MatchesViewAssertion{viewMatcher=an instance of android.widget.TextView and view.getText() with or without transformation to match: a string containing "Subtotal: $9.50"}' assertion on view view.getId() is <2131231217/com.example.lunchtray:id/subtotal>
06-01 00:21:09.974  5521  5521 I ViewInteraction: Performing 'single click' action on view view.getId() is <2131231081/com.example.lunchtray:id/next_button>
06-01 00:21:10.291  5521  5521 I ViewInteraction: Performing 'single click' action on view view.getId() is <2131230835/com.example.lunchtray:id/bread>
06-01 00:21:10.588  5521  5521 I ViewInteraction: Checking 'MatchesViewAssertion{viewMatcher=an instance of android.widget.TextView and view.getText() with or without transformation to match: a string containing "Subtotal: $10.00"}' assertion on view view.getId() is <2131231217/com.example.lunchtray:id/subtotal>
06-01 00:21:10.589  5521  5521 I ViewInteraction: Performing 'single click' action on view view.getId() is <2131231081/com.example.lunchtray:id/next_button>
06-01 00:21:10.728  5521  5548 D EGL_emulation: app_time_stats: avg=20.04ms min=11.29ms max=179.61ms count=50
06-01 00:21:10.907  5521  5521 I ViewInteraction: Checking 'MatchesViewAssertion{viewMatcher=an instance of android.widget.TextView and view.getText() with or without transformation to match: a string containing "Subtotal: $10.00"}' assertion on view view.getId() is <2131231217/com.example.lunchtray:id/subtotal>
06-01 00:21:10.907  5521  5546 I TestRunner: finished: subtotal_updates_in_full_order_flow(com.example.lunchtray.OrderFunctionalityTests)
