06-01 00:21:02.988  5521  5546 I TestRunner: started: radio_buttons_update_side_menu_subtotal(com.example.lunchtray.OrderFunctionalityTests)
06-01 00:21:02.992  5521  5546 W Settings: Setting always_finish_activities has moved from android.provider.Settings.System to android.provider.Settings.Global, returning read-only value.
06-01 00:21:02.994  5521  5546 D CompatibilityChangeReporter: Compat change id reported: 160794467; UID 10149; state: ENABLED
06-01 00:21:03.000   720   974 E ndroid.systemu: Invalid ID 0x00000000.
06-01 00:21:03.002   720   977 D SplashScreenView: Build android.window.SplashScreenView{a2d805c V.E...... ......ID 0,0-0,0}
06-01 00:21:03.002   720   977 D SplashScreenView: Icon: view: null drawable: null size: 0
06-01 00:21:03.002   720   977 D SplashScreenView: Branding: view: android.view.View{5a3df65 G.ED..... ......I. 0,0-0,0 #10204a6 android:id/splashscreen_branding_view} drawable: null size w: 0 h: 0
06-01 00:21:03.010  5521  5549 D libEGL  : loaded /vendor/lib64/egl/libEGL_emulation.so
06-01 00:21:03.011  5521  5549 D libEGL  : loaded /vendor/lib64/egl/libGLESv1_CM_emulation.so
06-01 00:21:03.013   337   337 D goldfish-address-space: claimShared: Ask to claim region [0x1e1cec000 0x1e2690000]
06-01 00:21:03.014  5521  5549 D libEGL  : loaded /vendor/lib64/egl/libGLESv2_emulation.so
06-01 00:21:03.020  5521  5521 D LifecycleMonitor: Lifecycle status change: androidx.test.core.app.InstrumentationActivityInvoker$BootstrapActivity@f6e94d6 in: PRE_ON_CREATE
06-01 00:21:03.021  5521  5521 V ActivityScenario: Activity lifecycle changed event received but ignored because the intent does not match. startActivityIntent=Intent { act=android.intent.action.MAIN cat=[android.intent.category.LAUNCHER] cmp=com.example.lunchtray/androidx.fragment.app.testing.FragmentScenario$EmptyFragmentActivity (has extras) }, activity.getIntent()=Intent { act=android.intent.action.MAIN cat=[android.intent.category.LAUNCHER] flg=0x10008000 cmp=com.example.lunchtray/androidx.test.core.app.InstrumentationActivityInvoker$BootstrapActivity (has extras) }, activity=androidx.test.core.app.InstrumentationActivityInvoker$BootstrapActivity@f6e94d6
06-01 00:21:03.025   366   366 I BpBinder: onLastStrongRef automatically unlinking death recipients: <uncached descriptor>
06-01 00:21:03.028  5521  5521 E ample.lunchtra: Invalid ID 0x00000000.
06-01 00:21:03.041   337   337 D goldfish-address-space: claimShared: Ask to claim region [0x1e61c4000 0x1e6b68000]
06-01 00:21:03.048  5521  5521 D LifecycleMonitor: Lifecycle status change: androidx.test.core.app.InstrumentationActivityInvoker$BootstrapActivity@f6e94d6 in: CREATED
06-01 00:21:03.048  5521  5521 V ActivityScenario: Activity lifecycle changed event received but ignored because the intent does not match. startActivityIntent=Intent { act=android.intent.action.MAIN cat=[android.intent.category.LAUNCHER] cmp=com.example.lunchtray/androidx.fragment.app.testing.FragmentScenario$EmptyFragmentActivity (has extras) }, activity.getIntent()=Intent { act=android.intent.action.MAIN cat=[android.intent.category.LAUNCHER] flg=0x10008000 cmp=com.example.lunchtray/androidx.test.core.app.InstrumentationActivityInvoker$BootstrapActivity (has extras) }, activity=androidx.test.core.app.InstrumentationActivityInvoker$BootstrapActivity@f6e94d6
06-01 00:21:03.049   337   395 D goldfish-address-space: claimShared: Ask to claim region [0x1e6b68000 0x1e750c000]
06-01 00:21:03.051  5521  5521 D LifecycleMonitor: Lifecycle status change: androidx.test.core.app.InstrumentationActivityInvoker$BootstrapActivity@f6e94d6 in: STARTED
06-01 00:21:03.052  5521  5521 V ActivityScenario: Activity lifecycle changed event received but ignored because the intent does not match. startActivityIntent=Intent { act=android.intent.action.MAIN cat=[android.intent.category.LAUNCHER] cmp=com.example.lunchtray/androidx.fragment.app.testing.FragmentScenario$EmptyFragmentActivity (has extras) }, activity.getIntent()=Intent { act=android.intent.action.MAIN cat=[android.intent.category.LAUNCHER] flg=0x10008000 cmp=com.example.lunchtray/androidx.test.core.app.InstrumentationActivityInvoker$BootstrapActivity (has extras) }, activity=androidx.test.core.app.InstrumentationActivityInvoker$BootstrapActivity@f6e94d6
06-01 00:21:03.064  5521  5521 D LifecycleMonitor: Lifecycle status change: androidx.test.core.app.InstrumentationActivityInvoker$BootstrapActivity@f6e94d6 in: RESUMED
06-01 00:21:03.064  5521  5521 V ActivityScenario: Activity lifecycle changed event received but ignored because the intent does not match. startActivityIntent=Intent { act=android.intent.action.MAIN cat=[android.intent.category.LAUNCHER] cmp=com.example.lunchtray/androidx.fragment.app.testing.FragmentScenario$EmptyFragmentActivity (has extras) }, activity.getIntent()=Intent { act=android.intent.action.MAIN cat=[android.intent.category.LAUNCHER] flg=0x10008000 cmp=com.example.lunchtray/androidx.test.core.app.InstrumentationActivityInvoker$BootstrapActivity (has extras) }, activity=androidx.test.core.app.InstrumentationActivityInvoker$BootstrapActivity@f6e94d6
06-01 00:21:03.066  5521  5521 D LifecycleMonitor: Lifecycle status change: androidx.test.core.app.InstrumentationActivityInvoker$BootstrapActivity@f6e94d6 in: PAUSED
06-01 00:21:03.066  5521  5521 V ActivityScenario: Activity lifecycle changed event received but ignored because the intent does not match. startActivityIntent=Intent { act=android.intent.action.MAIN cat=[android.intent.category.LAUNCHER] cmp=com.example.lunchtray/androidx.fragment.app.testing.FragmentScenario$EmptyFragmentActivity (has extras) }, activity.getIntent()=Intent { act=android.intent.action.MAIN cat=[android.intent.category.LAUNCHER] flg=0x10008000 cmp=com.example.lunchtray/androidx.test.core.app.InstrumentationActivityInvoker$BootstrapActivity (has extras) }, activity=androidx.test.core.app.InstrumentationActivityInvoker$BootstrapActivity@f6e94d6
06-01 00:21:03.072  5521  5521 D LifecycleMonitor: Lifecycle status change: androidx.fragment.app.testing.FragmentScenario$EmptyFragmentActivity@c4b0fc8 in: PRE_ON_CREATE
06-01 00:21:03.073  5521  5521 V ActivityScenario: Activity lifecycle changed event received but ignored because the reported transition was not ON_CREATE while the last known transition was PRE_ON_CREATE
06-01 00:21:03.084  5521  5521 D LifecycleMonitor: Lifecycle status change: androidx.fragment.app.testing.FragmentScenario$EmptyFragmentActivity@c4b0fc8 in: CREATED
06-01 00:21:03.084  5521  5521 V ActivityScenario: Update currentActivityStage to CREATED, currentActivity=androidx.fragment.app.testing.FragmentScenario$EmptyFragmentActivity@c4b0fc8
06-01 00:21:03.086  5521  5521 D LifecycleMonitor: Lifecycle status change: androidx.fragment.app.testing.FragmentScenario$EmptyFragmentActivity@c4b0fc8 in: STARTED
06-01 00:21:03.086  5521  5521 V ActivityScenario: Update currentActivityStage to STARTED, currentActivity=androidx.fragment.app.testing.FragmentScenario$EmptyFragmentActivity@c4b0fc8
06-01 00:21:03.086  5521  5521 D LifecycleMonitor: Lifecycle status change: androidx.fragment.app.testing.FragmentScenario$EmptyFragmentActivity@c4b0fc8 in: RESUMED
06-01 00:21:03.086  5521  5521 V ActivityScenario: Update currentActivityStage to RESUMED, currentActivity=androidx.fragment.app.testing.FragmentScenario$EmptyFragmentActivity@c4b0fc8
06-01 00:21:03.103  1495  1495 I GsaVoiceInteractionSrv: Handling ACTION_STOP_HOTWORD
06-01 00:21:03.103  1495  1495 E HwDetectorWithState: a: 3
06-01 00:21:03.112  5521  5548 D HostConnection: createUnique: call
06-01 00:21:03.114  5521  5548 D HostConnection: HostConnection::get() New Host Connection established 0xb40000777fc53750, tid 5548
06-01 00:21:03.116  5521  5548 D HostConnection: HostComposition ext ANDROID_EMU_CHECKSUM_HELPER_v1 ANDROID_EMU_native_sync_v2 ANDROID_EMU_native_sync_v3 ANDROID_EMU_native_sync_v4 ANDROID_EMU_dma_v1 ANDROID_EMU_direct_mem ANDROID_EMU_vulkan ANDROID_EMU_deferred_vulkan_commands ANDROID_EMU_vulkan_null_optional_strings ANDROID_EMU_vulkan_create_resources_with_requirements ANDROID_EMU_YUV_Cache ANDROID_EMU_vulkan_ignored_handles ANDROID_EMU_has_shared_slots_host_memory_allocator ANDROID_EMU_vulkan_free_memory_sync ANDROID_EMU_vulkan_shader_float16_int8 ANDROID_EMU_vulkan_async_queue_submit ANDROID_EMU_vulkan_queue_submit_with_commands ANDROID_EMU_sync_buffer_data ANDROID_EMU_vulkan_async_qsri ANDROID_EMU_read_color_buffer_dma GL_OES_EGL_image_external_essl3 GL_OES_vertex_array_object GL_KHR_texture_compression_astc_ldr ANDROID_EMU_host_side_tracing ANDROID_EMU_gles_max_version_3_0
06-01 00:21:03.117   185   185 I hwservicemanager: getTransport: Cannot find entry android.hardware.configstore@1.0::ISurfaceFlingerConfigs/default in either framework or device VINTF manifest.
06-01 00:21:03.117  5521  5548 W OpenGLRenderer: Failed to choose config with EGL_SWAP_BEHAVIOR_PRESERVED, retrying without...
06-01 00:21:03.117  5521  5548 W OpenGLRenderer: Failed to initialize 101010-2 format, error = EGL_SUCCESS
06-01 00:21:03.118  5521  5548 D EGL_emulation: eglCreateContext: 0xb40000777fc55010: maj 3 min 0 rcv 3
06-01 00:21:03.118  5521  5548 D EGL_emulation: eglMakeCurrent: 0xb40000777fc55010: ver 3 0 (tinfo 0x7997406080) (first time)
06-01 00:21:03.120   366   425 E HWComposer: getSupportedContentTypes: getSupportedContentTypes failed for display 4619827259835644672: Unsupported (8)
06-01 00:21:03.121   185   185 I hwservicemanager: getTransport: Cannot find entry android.hardware.graphics.mapper@4.0::IMapper/default in either framework or device VINTF manifest.
06-01 00:21:03.121  5521  5548 I Gralloc4: mapper 4.x is not supported
06-01 00:21:03.122  5521  5548 D HostConnection: createUnique: call
06-01 00:21:03.122  5521  5548 D HostConnection: HostConnection::get() New Host Connection established 0xb40000777fc54590, tid 5548
06-01 00:21:03.122  5521  5548 D goldfish-address-space: allocate: Ask for block of size 0x100
06-01 00:21:03.123  5521  5548 D goldfish-address-space: allocate: ioctl allocate returned offset 0x1dfff8000 size 0x8000
06-01 00:21:03.124   185   185 I hwservicemanager: getTransport: Cannot find entry android.hardware.graphics.allocator@4.0::IAllocator/default in either framework or device VINTF manifest.
06-01 00:21:03.124  5521  5548 W Gralloc4: allocator 4.x is not supported
06-01 00:21:03.126   337   395 D goldfish-address-space: claimShared: Ask to claim region [0x1e750c000 0x1e7eb0000]
06-01 00:21:03.129  5521  5548 D HostConnection: HostComposition ext ANDROID_EMU_CHECKSUM_HELPER_v1 ANDROID_EMU_native_sync_v2 ANDROID_EMU_native_sync_v3 ANDROID_EMU_native_sync_v4 ANDROID_EMU_dma_v1 ANDROID_EMU_direct_mem ANDROID_EMU_vulkan ANDROID_EMU_deferred_vulkan_commands ANDROID_EMU_vulkan_null_optional_strings ANDROID_EMU_vulkan_create_resources_with_requirements ANDROID_EMU_YUV_Cache ANDROID_EMU_vulkan_ignored_handles ANDROID_EMU_has_shared_slots_host_memory_allocator ANDROID_EMU_vulkan_free_memory_sync ANDROID_EMU_vulkan_shader_float16_int8 ANDROID_EMU_vulkan_async_queue_submit ANDROID_EMU_vulkan_queue_submit_with_commands ANDROID_EMU_sync_buffer_data ANDROID_EMU_vulkan_async_qsri ANDROID_EMU_read_color_buffer_dma GL_OES_EGL_image_external_essl3 GL_OES_vertex_array_object GL_KHR_texture_compression_astc_ldr ANDROID_EMU_host_side_tracing ANDROID_EMU_gles_max_version_3_0
06-01 00:21:03.130   337   395 D goldfish-address-space: claimShared: Ask to claim region [0x1eb378000 0x1ebd1c000]
06-01 00:21:03.130   337   395 D goldfish-address-space: claimShared: Ask to claim region [0x1ea0ac000 0x1eaa50000]
06-01 00:21:03.151   532   553 I ActivityTaskManager: Displayed com.example.lunchtray/androidx.fragment.app.testing.FragmentScenario$EmptyFragmentActivity: +154ms
06-01 00:21:03.162  5521  5521 D CompatibilityChangeReporter: Compat change id reported: 171228096; UID 10149; state: ENABLED
06-01 00:21:03.204  5521  5546 D EventInjectionStrategy: Creating injection strategy with input manager.
06-01 00:21:03.204  5521  5546 W ample.lunchtra: Accessing hidden method Landroid/hardware/input/InputManager;->getInstance()Landroid/hardware/input/InputManager; (unsupported, reflection, allowed)
06-01 00:21:03.204  5521  5546 W ample.lunchtra: Accessing hidden method Landroid/hardware/input/InputManager;->injectInputEvent(Landroid/view/InputEvent;I)Z (unsupported, reflection, allowed)
06-01 00:21:03.204  5521  5546 W ample.lunchtra: Accessing hidden field Landroid/hardware/input/InputManager;->INJECT_INPUT_EVENT_MODE_WAIT_FOR_FINISH:I (unsupported, reflection, allowed)
06-01 00:21:03.216  1430  1430 I GoogleInputMethodService: GoogleInputMethodService.onFinishInput():3420
06-01 00:21:03.216  1430  1430 I GoogleInputMethodService: GoogleInputMethodService.onStartInput():2002
06-01 00:21:03.217  1430  1430 I DeviceUnlockedTag: DeviceUnlockedTag.notifyDeviceLockStatusChanged():31 Notify device unlocked.
06-01 00:21:03.237  5521  5546 W ample.lunchtra: Accessing hidden method Landroid/view/ViewConfiguration;->getDoubleTapMinTime()I (unsupported, reflection, allowed)
06-01 00:21:03.243  5521  5521 W ample.lunchtra: Accessing hidden method Landroid/os/MessageQueue;->next()Landroid/os/Message; (unsupported, reflection, allowed)
06-01 00:21:03.243  5521  5521 W ample.lunchtra: Accessing hidden field Landroid/os/MessageQueue;->mMessages:Landroid/os/Message; (unsupported, reflection, allowed)
06-01 00:21:03.243  5521  5521 W ample.lunchtra: Accessing hidden method Landroid/os/Message;->recycleUnchecked()V (unsupported, reflection, allowed)
06-01 00:21:03.261  5521  5521 W ample.lunchtra: Accessing hidden method Landroid/view/WindowManagerGlobal;->getInstance()Landroid/view/WindowManagerGlobal; (unsupported, reflection, allowed)
06-01 00:21:03.261  5521  5521 W ample.lunchtra: Accessing hidden field Landroid/view/WindowManagerGlobal;->mViews:Ljava/util/ArrayList; (unsupported, reflection, allowed)
06-01 00:21:03.261  5521  5521 W ample.lunchtra: Accessing hidden field Landroid/view/WindowManagerGlobal;->mParams:Ljava/util/ArrayList; (unsupported, reflection, allowed)
06-01 00:21:03.263  5521  5521 I ViewInteraction: Performing 'single click' action on view view.getId() is <2131231138/com.example.lunchtray:id/salad>
06-01 00:21:03.412  1741  1741 I A       : onApplyWindowInsets: systemWindowInsets=Insets{left=0, top=145, right=0, bottom=132}
06-01 00:21:03.412  1741  1741 I A       : onApplyWindowInsets: Adjusting for display cutouts. Safe insets: left=0, top=136, right=0, bottom=0
06-01 00:21:03.412  1741  1741 I A       : onApplyWindowInsets: systemWindowInsets=Insets{left=0, top=145, right=0, bottom=132}
06-01 00:21:03.414  5521  5521 D LifecycleMonitor: Lifecycle status change: androidx.test.core.app.InstrumentationActivityInvoker$BootstrapActivity@f6e94d6 in: STOPPED
06-01 00:21:03.414  5521  5521 V ActivityScenario: Activity lifecycle changed event received but ignored because the intent does not match. startActivityIntent=Intent { act=android.intent.action.MAIN cat=[android.intent.category.LAUNCHER] cmp=com.example.lunchtray/androidx.fragment.app.testing.FragmentScenario$EmptyFragmentActivity (has extras) }, activity.getIntent()=Intent { act=android.intent.action.MAIN cat=[android.intent.category.LAUNCHER] flg=0x10008000 cmp=com.example.lunchtray/androidx.test.core.app.InstrumentationActivityInvoker$BootstrapActivity (has extras) }, activity=androidx.test.core.app.InstrumentationActivityInvoker$BootstrapActivity@f6e94d6
06-01 00:21:03.425   532  1580 W InputManager-JNI: Input channel object '26a1691 Splash Screen com.example.lunchtray (client)' was disposed without first being removed with the input manager!
06-01 00:21:03.440   366   366 W SurfaceFlinger: couldn't log to binary event log: overflow.
06-01 00:21:03.440   366   366 W SurfaceFlinger: couldn't log to binary event log: overflow.
06-01 00:21:03.571  1128  3643 I FontLog : Received query Noto Color Emoji Compat, URI content://com.google.android.gms.fonts [CONTEXT service_id=132 ]
06-01 00:21:03.571  1128  3643 I FontLog : Query [emojicompat-emoji-font] resolved to {Noto Color Emoji Compat, wdth 100.0, wght 400, ital 0.0, bestEffort false} [CONTEXT service_id=132 ]
06-01 00:21:03.572  1128  3643 I FontLog : Fetch {Noto Color Emoji Compat, wdth 100.0, wght 400, ital 0.0, bestEffort false} end status Status{statusCode=SUCCESS, resolution=null} [CONTEXT service_id=132 ]
06-01 00:21:03.576  1128  3643 I FontLog : Pulling font file for id = 34, cache size = 7 [CONTEXT service_id=132 ]
06-01 00:21:03.580  1128  3643 I FontLog : Pulling font file for id = 34, cache size = 7 [CONTEXT service_id=132 ]
06-01 00:21:03.660  5521  5521 I ViewInteraction: Checking 'MatchesViewAssertion{viewMatcher=an instance of android.widget.TextView and view.getText() with or without transformation to match: a string containing "Subtotal: $2.50"}' assertion on view view.getId() is <2131231217/com.example.lunchtray:id/subtotal>
06-01 00:21:03.662  5521  5521 I ViewInteraction: Performing 'single click' action on view view.getId() is <2131231187/com.example.lunchtray:id/soup>
06-01 00:21:03.735   361   496 D AudioFlinger: mixer(0xb4000077fac1aa70) throttle end: throttle time(38)
06-01 00:21:03.925   720   991 D EGL_emulation: app_time_stats: avg=3913.02ms min=3913.02ms max=3913.02ms count=1
06-01 00:21:03.959  5521  5521 I ViewInteraction: Checking 'MatchesViewAssertion{viewMatcher=an instance of android.widget.TextView and view.getText() with or without transformation to match: a string containing "Subtotal: $3.00"}' assertion on view view.getId() is <2131231217/com.example.lunchtray:id/subtotal>
06-01 00:21:03.960  5521  5521 I ViewInteraction: Performing 'single click' action on view view.getId() is <2131231121/com.example.lunchtray:id/potatoes>
06-01 00:21:04.243  5521  5548 D EGL_emulation: app_time_stats: avg=15.65ms min=2.64ms max=86.57ms count=59
06-01 00:21:04.274  5521  5521 I ViewInteraction: Checking 'MatchesViewAssertion{viewMatcher=an instance of android.widget.TextView and view.getText() with or without transformation to match: a string containing "Subtotal: $2.00"}' assertion on view view.getId() is <2131231217/com.example.lunchtray:id/subtotal>
06-01 00:21:04.275  5521  5521 I ViewInteraction: Performing 'single click' action on view view.getId() is <2131231128/com.example.lunchtray:id/rice>
06-01 00:21:04.584  5521  5521 I ViewInteraction: Checking 'MatchesViewAssertion{viewMatcher=an instance of android.widget.TextView and view.getText() with or without transformation to match: a string containing "Subtotal: $1.50"}' assertion on view view.getId() is <2131231217/com.example.lunchtray:id/subtotal>
06-01 00:21:04.584  5521  5546 I TestRunner: finished: radio_buttons_update_side_menu_subtotal(com.example.lunchtray.OrderFunctionalityTests)
